stm32f0xx_hal_rtc.c:637:13:HAL_RTC_MspInit	0	static
stm32f0xx_hal_rtc.c:652:13:HAL_RTC_MspDeInit	0	static
stm32f0xx_hal_rtc.c:1320:19:HAL_RTC_DeactivateAlarm	24	static
stm32f0xx_hal_rtc.c:1453:13:HAL_RTC_AlarmAEventCallback	0	static
stm32f0xx_hal_rtc.c:1421:6:HAL_RTC_AlarmIRQHandler	8	static
stm32f0xx_hal_rtc.c:1469:19:HAL_RTC_PollForAlarmAEvent	24	static
stm32f0xx_hal_rtc.c:1528:19:HAL_RTC_WaitForSynchro	24	static
stm32f0xx_hal_rtc.c:1572:21:HAL_RTC_GetState	0	static
stm32f0xx_hal_rtc.c:1596:19:RTC_EnterInitMode	24	static
stm32f0xx_hal_rtc.c:188:19:HAL_RTC_Init	16	static
stm32f0xx_hal_rtc.c:309:19:HAL_RTC_DeInit	24	static
stm32f0xx_hal_rtc.c:1627:9:RTC_ByteToBcd2	0	static
stm32f0xx_hal_rtc.c:690:19:HAL_RTC_SetTime	32	static
stm32f0xx_hal_rtc.c:868:19:HAL_RTC_SetDate	32	static
stm32f0xx_hal_rtc.c:1031:19:HAL_RTC_SetAlarm	40	static
stm32f0xx_hal_rtc.c:1176:19:HAL_RTC_SetAlarm_IT	40	static
stm32f0xx_hal_rtc.c:1645:9:RTC_Bcd2ToByte	0	static
stm32f0xx_hal_rtc.c:824:19:HAL_RTC_GetTime	16	static
stm32f0xx_hal_rtc.c:977:19:HAL_RTC_GetDate	16	static
stm32f0xx_hal_rtc.c:1382:19:HAL_RTC_GetAlarm	32	static
