stm32f0xx_ll_usb.c:64:19:USB_CoreInit	0	static
stm32f0xx_ll_usb.c:84:19:USB_EnableGlobalInt	0	static
stm32f0xx_ll_usb.c:106:19:USB_DisableGlobalInt	0	static
stm32f0xx_ll_usb.c:130:19:USB_SetCurrentMode	0	static
stm32f0xx_ll_usb.c:151:19:USB_DevInit	0	static
stm32f0xx_ll_usb.c:182:19:USB_SetDevSpeed	0	static
stm32f0xx_ll_usb.c:204:19:USB_FlushTxFifo	0	static
stm32f0xx_ll_usb.c:223:19:USB_FlushRxFifo	0	static
stm32f0xx_ll_usb.c:242:19:USB_ActivateEndpoint	32	static
stm32f0xx_ll_usb.c:358:19:USB_DeactivateEndpoint	20	static
stm32f0xx_ll_usb.c:499:19:USB_WritePacket	0	static
stm32f0xx_ll_usb.c:521:7:USB_ReadPacket	0	static
stm32f0xx_ll_usb.c:540:19:USB_EPSetStall	0	static
stm32f0xx_ll_usb.c:560:19:USB_EPClearStall	8	static
stm32f0xx_ll_usb.c:591:19:USB_StopDevice	0	static
stm32f0xx_ll_usb.c:612:20:USB_SetDevAddress	0	static
stm32f0xx_ll_usb.c:628:20:USB_DevConnect	0	static
stm32f0xx_ll_usb.c:641:20:USB_DevDisconnect	0	static
stm32f0xx_ll_usb.c:654:11:USB_ReadInterrupts	0	static
stm32f0xx_ll_usb.c:667:10:USB_ReadDevAllOutEpInterrupt	0	static
stm32f0xx_ll_usb.c:683:10:USB_ReadDevAllInEpInterrupt	0	static
stm32f0xx_ll_usb.c:701:10:USB_ReadDevOutEPInterrupt	0	static
stm32f0xx_ll_usb.c:720:10:USB_ReadDevInEPInterrupt	0	static
stm32f0xx_ll_usb.c:738:7:USB_ClearInterrupts	0	static
stm32f0xx_ll_usb.c:755:19:USB_EP0_OutStart	0	static
stm32f0xx_ll_usb.c:772:19:USB_ActivateRemoteWakeup	0	static
stm32f0xx_ll_usb.c:784:19:USB_DeActivateRemoteWakeup	0	static
stm32f0xx_ll_usb.c:798:6:USB_WritePMA	12	static
stm32f0xx_ll_usb.c:411:19:USB_EPStartXfer	24	static
stm32f0xx_ll_usb.c:832:6:USB_ReadPMA	20	static
