stm32f0xx_hal_pcd.c:252:13:HAL_PCD_MspInit	0	static
stm32f0xx_hal_pcd.c:120:19:HAL_PCD_Init	48	static
stm32f0xx_hal_pcd.c:267:13:HAL_PCD_MspDeInit	0	static
stm32f0xx_hal_pcd.c:962:19:HAL_PCD_Start	16	static
stm32f0xx_hal_pcd.c:976:19:HAL_PCD_Stop	16	static
stm32f0xx_hal_pcd.c:216:19:HAL_PCD_DeInit	16	static
stm32f0xx_hal_pcd.c:1123:13:HAL_PCD_DataOutStageCallback	0	static
stm32f0xx_hal_pcd.c:1140:13:HAL_PCD_DataInStageCallback	0	static
stm32f0xx_hal_pcd.c:1155:13:HAL_PCD_SetupStageCallback	0	static
stm32f0xx_hal_pcd.c:1170:13:HAL_PCD_SOFCallback	0	static
stm32f0xx_hal_pcd.c:1185:13:HAL_PCD_ResetCallback	0	static
stm32f0xx_hal_pcd.c:1200:13:HAL_PCD_SuspendCallback	0	static
stm32f0xx_hal_pcd.c:1215:13:HAL_PCD_ResumeCallback	0	static
stm32f0xx_hal_pcd.c:1231:13:HAL_PCD_ISOOUTIncompleteCallback	0	static
stm32f0xx_hal_pcd.c:1248:13:HAL_PCD_ISOINIncompleteCallback	0	static
stm32f0xx_hal_pcd.c:1264:13:HAL_PCD_ConnectCallback	0	static
stm32f0xx_hal_pcd.c:1279:13:HAL_PCD_DisconnectCallback	0	static
stm32f0xx_hal_pcd.c:1313:19:HAL_PCD_DevConnect	16	static
stm32f0xx_hal_pcd.c:1326:19:HAL_PCD_DevDisconnect	16	static
stm32f0xx_hal_pcd.c:1340:19:HAL_PCD_SetAddress	16	static
stm32f0xx_hal_pcd.c:1356:19:HAL_PCD_EP_Open	16	static
stm32f0xx_hal_pcd.c:1400:19:HAL_PCD_EP_Close	16	static
stm32f0xx_hal_pcd.c:1431:19:HAL_PCD_EP_Receive	24	static
stm32f0xx_hal_pcd.c:1462:10:HAL_PCD_EP_GetRxCount	0	static
stm32f0xx_hal_pcd.c:1474:19:HAL_PCD_EP_Transmit	16	static
stm32f0xx_hal_pcd.c:994:6:HAL_PCD_IRQHandler	32	static
stm32f0xx_hal_pcd.c:1505:19:HAL_PCD_EP_SetStall	16	static
stm32f0xx_hal_pcd.c:1546:19:HAL_PCD_EP_ClrStall	16	static
stm32f0xx_hal_pcd.c:1582:19:HAL_PCD_EP_Flush	0	static
stm32f0xx_hal_pcd.c:1596:19:HAL_PCD_ActivateRemoteWakeup	8	static
stm32f0xx_hal_pcd.c:1606:19:HAL_PCD_DeActivateRemoteWakeup	8	static
stm32f0xx_hal_pcd.c:1635:18:HAL_PCD_GetState	0	static
